// Vitest Snapshot v1

exports[`Form Generation > form builder > can use vue element wrapper 1`] = `
"<form id=\\"test\\" class=\\"valid\\"><input><br>
  <div class=\\"\\"><input id=\\"text\\" name=\\"text\\" warnings=\\"\\" valid=\\"[object Promise]\\"></div>
</form>"
`;
